Copyright 1986-2022 Xilinx, Inc. All Rights Reserved. Copyright 2022-2024 Advanced Micro Devices, Inc. All Rights Reserved.
--------------------------------------------------------------------------------------------------------------------------------------------------
| Tool Version : Vivado v.2024.2 (win64) Build 5239630 Fri Nov 08 22:35:27 MST 2024
| Date         : Fri Jul  3 07:13:21 2026
| Host         : AbdElrahman running 64-bit major release  (build 9200)
| Command      : report_utilization -file A:/diff/Grad_pj/New_Branch/AI_Accelerator_ShuffleNet_on_FPGA-master/vivado/reports/impl_utilization.rpt
| Design       : system_wrapper
| Device       : xczu19eg-ffvc1760-1-i
| Speed File   : -1
| Design State : Routed
--------------------------------------------------------------------------------------------------------------------------------------------------

Utilization Design Information

Table of Contents
-----------------
1. CLB Logic
1.1 Summary of Registers by Type
2. CLB Logic Distribution
3. BLOCKRAM
4. ARITHMETIC
5. I/O
6. CLOCK
7. ADVANCED
8. CONFIGURATION
9. Primitives
10. Black Boxes
11. Instantiated Netlists

1. CLB Logic
------------

+----------------------------+-------+-------+------------+-----------+-------+
|          Site Type         |  Used | Fixed | Prohibited | Available | Util% |
+----------------------------+-------+-------+------------+-----------+-------+
| CLB LUTs                   | 74936 |     0 |          0 |    522720 | 14.34 |
|   LUT as Logic             | 54258 |     0 |          0 |    522720 | 10.38 |
|   LUT as Memory            | 20678 |     0 |          0 |    161280 | 12.82 |
|     LUT as Distributed RAM | 12084 |     0 |            |           |       |
|     LUT as Shift Register  |  8594 |     0 |            |           |       |
| CLB Registers              | 25386 |     0 |          0 |   1045440 |  2.43 |
|   Register as Flip Flop    | 25386 |     0 |          0 |   1045440 |  2.43 |
|   Register as Latch        |     0 |     0 |          0 |   1045440 |  0.00 |
| CARRY8                     |  3620 |     0 |          0 |     65340 |  5.54 |
| F7 Muxes                   |  2311 |     0 |          0 |    261360 |  0.88 |
| F8 Muxes                   |   378 |     0 |          0 |    130680 |  0.29 |
| F9 Muxes                   |     0 |     0 |          0 |     65340 |  0.00 |
+----------------------------+-------+-------+------------+-----------+-------+
* Warning! LUT value is adjusted to account for LUT combining.


1.1 Summary of Registers by Type
--------------------------------

+-------+--------------+-------------+--------------+
| Total | Clock Enable | Synchronous | Asynchronous |
+-------+--------------+-------------+--------------+
| 0     |            _ |           - |            - |
| 0     |            _ |           - |          Set |
| 0     |            _ |           - |        Reset |
| 0     |            _ |         Set |            - |
| 0     |            _ |       Reset |            - |
| 0     |          Yes |           - |            - |
| 52    |          Yes |           - |          Set |
| 7122  |          Yes |           - |        Reset |
| 48    |          Yes |         Set |            - |
| 18164 |          Yes |       Reset |            - |
+-------+--------------+-------------+--------------+


2. CLB Logic Distribution
-------------------------

+--------------------------------------------+-------+-------+------------+-----------+-------+
|                  Site Type                 |  Used | Fixed | Prohibited | Available | Util% |
+--------------------------------------------+-------+-------+------------+-----------+-------+
| CLB                                        | 13126 |     0 |          0 |     65340 | 20.09 |
|   CLBL                                     |  6127 |     0 |            |           |       |
|   CLBM                                     |  6999 |     0 |            |           |       |
| LUT as Logic                               | 54258 |     0 |          0 |    522720 | 10.38 |
|   using O5 output only                     |   202 |       |            |           |       |
|   using O6 output only                     | 45026 |       |            |           |       |
|   using O5 and O6                          |  9030 |       |            |           |       |
| LUT as Memory                              | 20678 |     0 |          0 |    161280 | 12.82 |
|   LUT as Distributed RAM                   | 12084 |     0 |            |           |       |
|     using O5 output only                   |     0 |       |            |           |       |
|     using O6 output only                   | 12064 |       |            |           |       |
|     using O5 and O6                        |    20 |       |            |           |       |
|   LUT as Shift Register                    |  8594 |     0 |            |           |       |
|     using O5 output only                   |     0 |       |            |           |       |
|     using O6 output only                   |  7388 |       |            |           |       |
|     using O5 and O6                        |  1206 |       |            |           |       |
| CLB Registers                              | 25386 |     0 |          0 |   1045440 |  2.43 |
|   Register driven from within the CLB      | 15034 |       |            |           |       |
|   Register driven from outside the CLB     | 10352 |       |            |           |       |
|     LUT in front of the register is unused |  7834 |       |            |           |       |
|     LUT in front of the register is used   |  2518 |       |            |           |       |
| Unique Control Sets                        |   518 |       |          0 |    130680 |  0.40 |
+--------------------------------------------+-------+-------+------------+-----------+-------+
* * Note: Available Control Sets calculated as Slices * 2, Review the Control Sets Report for more information regarding control sets.


3. BLOCKRAM
-----------

+-------------------+-------+-------+------------+-----------+-------+
|     Site Type     |  Used | Fixed | Prohibited | Available | Util% |
+-------------------+-------+-------+------------+-----------+-------+
| Block RAM Tile    | 577.5 |     0 |          0 |       984 | 58.69 |
|   RAMB36/FIFO*    |   551 |     0 |          0 |       984 | 56.00 |
|     RAMB36E2 only |   551 |       |            |           |       |
|   RAMB18          |    53 |     0 |          0 |      1968 |  2.69 |
|     RAMB18E2 only |    53 |       |            |           |       |
| URAM              |     0 |     0 |          0 |       128 |  0.00 |
+-------------------+-------+-------+------------+-----------+-------+
* Note: Each Block RAM Tile only has one FIFO logic available and therefore can accommodate only one FIFO36E2 or one FIFO18E2. However, if a FIFO18E2 occupies a Block RAM Tile, that tile can still accommodate a RAMB18E2


4. ARITHMETIC
-------------

+----------------+------+-------+------------+-----------+-------+
|    Site Type   | Used | Fixed | Prohibited | Available | Util% |
+----------------+------+-------+------------+-----------+-------+
| DSPs           | 1550 |     0 |          0 |      1968 | 78.76 |
|   DSP48E2 only | 1550 |       |            |           |       |
+----------------+------+-------+------------+-----------+-------+


5. I/O
------

+------------------+------+-------+------------+-----------+-------+
|     Site Type    | Used | Fixed | Prohibited | Available | Util% |
+------------------+------+-------+------------+-----------+-------+
| Bonded IOB       |    0 |     0 |          0 |       512 |  0.00 |
| HPIOB_M          |    0 |     0 |          0 |       192 |  0.00 |
| HPIOB_S          |    0 |     0 |          0 |       192 |  0.00 |
| HDIOB_M          |    0 |     0 |          0 |        48 |  0.00 |
| HDIOB_S          |    0 |     0 |          0 |        48 |  0.00 |
| HPIOB_SNGL       |    0 |     0 |          0 |        32 |  0.00 |
| HPIOBDIFFINBUF   |    0 |     0 |          0 |       264 |  0.00 |
| HPIOBDIFFOUTBUF  |    0 |     0 |          0 |       264 |  0.00 |
| HDIOBDIFFINBUF   |    0 |     0 |          0 |        48 |  0.00 |
| BITSLICE_CONTROL |    0 |     0 |          0 |        88 |  0.00 |
| BITSLICE_RX_TX   |    0 |     0 |          0 |      3432 |  0.00 |
| BITSLICE_TX      |    0 |     0 |          0 |        88 |  0.00 |
| RIU_OR           |    0 |     0 |          0 |        44 |  0.00 |
+------------------+------+-------+------------+-----------+-------+


6. CLOCK
--------

+------------+------+-------+------------+-----------+-------+
|  Site Type | Used | Fixed | Prohibited | Available | Util% |
+------------+------+-------+------------+-----------+-------+
| BUFGCE     |    5 |     0 |          0 |       280 |  1.79 |
| BUFGCE_DIV |    0 |     0 |          0 |        44 |  0.00 |
| BUFG_GT    |    0 |     0 |          0 |       456 |  0.00 |
| BUFG_PS    |    1 |     0 |          0 |        72 |  1.39 |
| BUFGCTRL*  |    0 |     0 |          0 |        88 |  0.00 |
| PLL        |    0 |     0 |          0 |        22 |  0.00 |
| MMCM       |    1 |     0 |          0 |        11 |  9.09 |
+------------+------+-------+------------+-----------+-------+
* Note: Each used BUFGCTRL counts as two GLOBAL CLOCK BUFFERs. This table does not include global clocking resources, only buffer cell usage. See the Clock Utilization Report (report_clock_utilization) for detailed accounting of global clocking resource availability.


7. ADVANCED
-----------

+-----------------+------+-------+------------+-----------+--------+
|    Site Type    | Used | Fixed | Prohibited | Available |  Util% |
+-----------------+------+-------+------------+-----------+--------+
| CMACE4          |    0 |     0 |          0 |         4 |   0.00 |
| GTHE4_CHANNEL   |    0 |     0 |          0 |        32 |   0.00 |
| GTHE4_COMMON    |    0 |     0 |          0 |         8 |   0.00 |
| GTYE4_CHANNEL   |    0 |     0 |          0 |        16 |   0.00 |
| GTYE4_COMMON    |    0 |     0 |          0 |         4 |   0.00 |
| ILKNE4          |    0 |     0 |          0 |         4 |   0.00 |
| OBUFDS_GTE4     |    0 |     0 |          0 |        24 |   0.00 |
| OBUFDS_GTE4_ADV |    0 |     0 |          0 |        24 |   0.00 |
| PCIE40E4        |    0 |     0 |          0 |         5 |   0.00 |
| PS8             |    1 |     0 |          0 |         1 | 100.00 |
| SYSMONE4        |    0 |     0 |          0 |         1 |   0.00 |
+-----------------+------+-------+------------+-----------+--------+


8. CONFIGURATION
----------------

+-------------+------+-------+------------+-----------+-------+
|  Site Type  | Used | Fixed | Prohibited | Available | Util% |
+-------------+------+-------+------------+-----------+-------+
| BSCANE2     |    1 |     0 |          0 |         4 | 25.00 |
| DNA_PORTE2  |    0 |     0 |          0 |         1 |  0.00 |
| EFUSE_USR   |    0 |     0 |          0 |         1 |  0.00 |
| FRAME_ECCE4 |    0 |     0 |          0 |         1 |  0.00 |
| ICAPE3      |    0 |     0 |          0 |         2 |  0.00 |
| MASTER_JTAG |    0 |     0 |          0 |         1 |  0.00 |
| STARTUPE3   |    0 |     0 |          0 |         1 |  0.00 |
+-------------+------+-------+------------+-----------+-------+


9. Primitives
-------------

+------------+-------+---------------------+
|  Ref Name  |  Used | Functional Category |
+------------+-------+---------------------+
| LUT6       | 22725 |                 CLB |
| LUT3       | 18239 |                 CLB |
| FDRE       | 18164 |            Register |
| RAMD64E    | 12064 |                 CLB |
| LUT4       | 11167 |                 CLB |
| FDCE       |  7122 |            Register |
| SRLC32E    |  6330 |                 CLB |
| LUT2       |  5917 |                 CLB |
| LUT5       |  4867 |                 CLB |
| CARRY8     |  3620 |                 CLB |
| SRL16E     |  3468 |                 CLB |
| MUXF7      |  2311 |                 CLB |
| DSP48E2    |  1550 |          Arithmetic |
| RAMB36E2   |   551 |            BLOCKRAM |
| MUXF8      |   378 |                 CLB |
| LUT1       |   373 |                 CLB |
| RAMB18E2   |    53 |            BLOCKRAM |
| FDPE       |    52 |            Register |
| FDSE       |    48 |            Register |
| RAMD32     |    36 |                 CLB |
| BUFGCE     |     5 |               Clock |
| RAMS32     |     4 |                 CLB |
| SRLC16E    |     2 |                 CLB |
| PS8        |     1 |            Advanced |
| MMCME4_ADV |     1 |               Clock |
| BUFG_PS    |     1 |               Clock |
| BSCANE2    |     1 |       Configuration |
+------------+-------+---------------------+


10. Black Boxes
---------------

+----------+------+
| Ref Name | Used |
+----------+------+


11. Instantiated Netlists
-------------------------

+---------------------------------+------+
|             Ref Name            | Used |
+---------------------------------+------+
| system_zynq_ultra_ps_e_0_0      |    1 |
| system_system_ila_0_0           |    1 |
| system_smartconnect_0_0         |    1 |
| system_shufflenet_board_top_0_0 |    1 |
| system_rst_system_100M_0        |    1 |
| group3_top                      |    1 |
| group2_top                      |    1 |
| group1_top                      |    1 |
| dbg_hub                         |    1 |
+---------------------------------+------+


