Copyright 1986-2022 Xilinx, Inc. All Rights Reserved. Copyright 2022-2024 Advanced Micro Devices, Inc. All Rights Reserved.
--------------------------------------------------------------------------------------------------------------------------------------------------
| Tool Version      : Vivado v.2024.2 (win64) Build 5239630 Fri Nov 08 22:35:27 MST 2024
| Date              : Sun May 31 02:35:26 2026
| Host              : Nageeb running 64-bit major release  (build 9200)
| Command           : report_timing_summary -file N:/GP/shufflenet_v2_fpga/vivado/reports/impl_timing.rpt
| Design            : system_wrapper
| Device            : xczu19eg-ffvc1760
| Speed File        : -1  PRODUCTION 1.30 05-15-2022
| Design State      : Routed
| Temperature Grade : I
--------------------------------------------------------------------------------------------------------------------------------------------------

Timing Summary Report

------------------------------------------------------------------------------------------------
| Timer Settings
| --------------
------------------------------------------------------------------------------------------------

  Enable Multi Corner Analysis               :  Yes
  Enable Pessimism Removal                   :  Yes
  Pessimism Removal Resolution               :  Nearest Common Node
  Enable Input Delay Default Clock           :  No
  Enable Preset / Clear Arcs                 :  No
  Disable Flight Delays                      :  No
  Ignore I/O Paths                           :  No
  Timing Early Launch at Borrowing Latches   :  No
  Borrow Time for Max Delay Exceptions       :  Yes
  Merge Timing Exceptions                    :  Yes
  Inter-SLR Compensation                     :  Conservative

  Corner  Analyze    Analyze    
  Name    Max Paths  Min Paths  
  ------  ---------  ---------  
  Slow    Yes        Yes        
  Fast    Yes        Yes        


------------------------------------------------------------------------------------------------
| Report Methodology
| ------------------
------------------------------------------------------------------------------------------------

No report available as report_methodology has not been run prior. Run report_methodology on the current design for the summary of methodology violations.



check_timing report

Table of Contents
-----------------
1. checking no_clock (0)
2. checking constant_clock (0)
3. checking pulse_width_clock (0)
4. checking unconstrained_internal_endpoints (0)
5. checking no_input_delay (0)
6. checking no_output_delay (0)
7. checking multiple_clock (0)
8. checking generated_clocks (0)
9. checking loops (0)
10. checking partial_input_delay (0)
11. checking partial_output_delay (0)
12. checking latch_loops (0)

1. checking no_clock (0)
------------------------
 There are 0 register/latch pins with no clock.


2. checking constant_clock (0)
------------------------------
 There are 0 register/latch pins with constant_clock.


3. checking pulse_width_clock (0)
---------------------------------
 There are 0 register/latch pins which need pulse_width check


4. checking unconstrained_internal_endpoints (0)
------------------------------------------------
 There are 0 pins that are not constrained for maximum delay.

 There are 0 pins that are not constrained for maximum delay due to constant clock.


5. checking no_input_delay (0)
------------------------------
 There are 0 input ports with no input delay specified.

 There are 0 input ports with no input delay but user has a false path constraint.


6. checking no_output_delay (0)
-------------------------------
 There are 0 ports with no output delay specified.

 There are 0 ports with no output delay but user has a false path constraint

 There are 0 ports with no output delay but with a timing clock defined on it or propagating through it


7. checking multiple_clock (0)
------------------------------
 There are 0 register/latch pins with multiple clocks.


8. checking generated_clocks (0)
--------------------------------
 There are 0 generated clocks that are not connected to a clock source.


9. checking loops (0)
---------------------
 There are 0 combinational loops in the design.


10. checking partial_input_delay (0)
------------------------------------
 There are 0 input ports with partial input delay specified.


11. checking partial_output_delay (0)
-------------------------------------
 There are 0 ports with partial output delay specified.


12. checking latch_loops (0)
----------------------------
 There are 0 combinational latch loops in the design through latch input



------------------------------------------------------------------------------------------------
| Design Timing Summary
| ---------------------
------------------------------------------------------------------------------------------------

    WNS(ns)      TNS(ns)  TNS Failing Endpoints  TNS Total Endpoints      WHS(ns)      THS(ns)  THS Failing Endpoints  THS Total Endpoints     WPWS(ns)     TPWS(ns)  TPWS Failing Endpoints  TPWS Total Endpoints  
    -------      -------  ---------------------  -------------------      -------      -------  ---------------------  -------------------     --------     --------  ----------------------  --------------------  
      0.125        0.000                      0               218535        0.011        0.000                      0               218535        2.000        0.000                       0                 37273  


All user specified timing constraints are met.


------------------------------------------------------------------------------------------------
| Clock Summary
| -------------
------------------------------------------------------------------------------------------------

Clock       Waveform(ns)         Period(ns)      Frequency(MHz)
-----       ------------         ----------      --------------
clk_pl_0    {0.000 5.000}        10.000          100.000         
  clk_100m  {0.000 5.000}        10.000          100.000         
clk_pl_1    {0.000 1.666}        3.333           300.030         


------------------------------------------------------------------------------------------------
| Intra Clock Table
| -----------------
------------------------------------------------------------------------------------------------

Clock             WNS(ns)      TNS(ns)  TNS Failing Endpoints  TNS Total Endpoints      WHS(ns)      THS(ns)  THS Failing Endpoints  THS Total Endpoints     WPWS(ns)     TPWS(ns)  TPWS Failing Endpoints  TPWS Total Endpoints  
-----             -------      -------  ---------------------  -------------------      -------      -------  ---------------------  -------------------     --------     --------  ----------------------  --------------------  
clk_pl_0            4.365        0.000                      0                 1107        0.022        0.000                      0                 1107        2.000        0.000                       0                   503  
  clk_100m          0.125        0.000                      0               210472        0.011        0.000                      0               210472        4.427        0.000                       0                 36770  


------------------------------------------------------------------------------------------------
| Inter Clock Table
| -----------------
------------------------------------------------------------------------------------------------

From Clock    To Clock          WNS(ns)      TNS(ns)  TNS Failing Endpoints  TNS Total Endpoints      WHS(ns)      THS(ns)  THS Failing Endpoints  THS Total Endpoints  
----------    --------          -------      -------  ---------------------  -------------------      -------      -------  ---------------------  -------------------  
clk_100m      clk_pl_0            5.026        0.000                      0                   48        1.611        0.000                      0                   48  
clk_pl_0      clk_100m            4.476        0.000                      0                   87        0.164        0.000                      0                   87  


------------------------------------------------------------------------------------------------
| Other Path Groups Table
| -----------------------
------------------------------------------------------------------------------------------------

Path Group         From Clock         To Clock               WNS(ns)      TNS(ns)  TNS Failing Endpoints  TNS Total Endpoints      WHS(ns)      THS(ns)  THS Failing Endpoints  THS Total Endpoints  
----------         ----------         --------               -------      -------  ---------------------  -------------------      -------      -------  ---------------------  -------------------  
**async_default**  clk_100m           clk_100m                 5.154        0.000                      0                 6915        1.364        0.000                      0                 6915  


------------------------------------------------------------------------------------------------
| Timing Details
| --------------
------------------------------------------------------------------------------------------------


---------------------------------------------------------------------------------------------------
From Clock:  clk_pl_0
  To Clock:  clk_pl_0

Setup :            0  Failing Endpoints,  Worst Slack        4.365ns,  Total Violation        0.000ns
Hold  :            0  Failing Endpoints,  Worst Slack        0.022ns,  Total Violation        0.000ns
PW    :            0  Failing Endpoints,  Worst Slack        2.000ns,  Total Violation        0.000ns
---------------------------------------------------------------------------------------------------


Max Delay Paths
--------------------------------------------------------------------------------------
Slack (MET) :             4.365ns  (required time - arrival time)
  Source:                 system_i/zynq_ultra_ps_e_0/inst/PS8_i/MAXIGP0ACLK
                            (rising edge-triggered cell PS8 clocked by clk_pl_0  {rise@0.000ns fall@5.000ns period=10.000ns})
  Destination:            <hidden>
                            (rising edge-triggered cell FDRE clocked by clk_pl_0  {rise@0.000ns fall@5.000ns period=10.000ns})
  Path Group:             clk_pl_0
  Path Type:              Setup (Max at Slow Process Corner)
  Requirement:            10.000ns  (clk_pl_0 rise@10.000ns - clk_pl_0 rise@0.000ns)
  Data Path Delay:        5.422ns  (logic 0.937ns (17.280%)  route 4.485ns (82.720%))
  Logic Levels:           3  (LUT4=2 LUT6=1)
  Clock Path Skew:        -0.041ns (DCD - SCD + CPR)
    Destination Clock Delay (DCD):    1.910ns = ( 11.910 - 10.000 ) 
    Source Clock Delay      (SCD):    2.140ns
    Clock Pessimism Removal (CPR):    0.189ns
  Clock Uncertainty:      0.130ns  ((TSJ^2 + DJ^2)^1/2) / 2 + PE
    Total System Jitter     (TSJ):    0.071ns
    Discrete Jitter          (DJ):    0.250ns
    Phase Error              (PE):    0.000ns
  Clock Net Delay (Source):      1.896ns (routing 0.423ns, distribution 1.473ns)
  Clock Net Delay (Destination): 1.713ns (routing 0.380ns, distribution 1.333ns)

    Location             Delay type                Incr(ns)  Path(ns)    Netlist Resource(s)
  -------------------------------------------------------------------    -------------------
                         (clock clk_pl_0 rise edge)
                                                      0.000     0.000 r  
    PS8_X0Y0             PS8                          0.000     0.000 r  system_i/zynq_ultra_ps_e_0/inst/PS8_i/PLCLK[0]
                         net (fo=1, routed)           0.215     0.215    system_i/zynq_ultra_ps_e_0/inst/pl_clk_unbuffered[0]
    BUFG_PS_X0Y49        BUFG_PS (Prop_BUFG_PS_I_O)
                                                      0.029     0.244 r  system_i/zynq_ultra_ps_e_0/inst/buffer_pl_clk_0.PL_CLK_0_BUFG/O
    X1Y3 (CLOCK_ROOT)    net (fo=503, routed)         1.896     2.140    system_i/zynq_ultra_ps_e_0/inst/maxihpm0_fpd_aclk
    PS8_X0Y0             PS8                                          r  system_i/zynq_ultra_ps_e_0/inst/PS8_i/MAXIGP0ACLK
  -------------------------------------------------------------------    -------------------
    PS8_X0Y0             PS8 (Prop_PS8_MAXIGP0ACLK_MAXIGP0ARADDR[34])
                                                      0.681     2.821 r  system_i/zynq_ultra_ps_e_0/inst/PS8_i/MAXIGP0ARADDR[34]
                         net (fo=1, routed)           2.123     4.944    <hidden>
    SLICE_X11Y180        LUT4 (Prop_A6LUT_SLICEM_I2_O)
                                                      0.179     5.123 r  <hidden>
                         net (fo=1, routed)           0.120     5.243    <hidden>
    SLICE_X11Y180        LUT4 (Prop_B6LUT_SLICEM_I1_O)
                                                      0.039     5.282 r  <hidden>
                         net (fo=6, routed)           2.030     7.312    <hidden>
    SLICE_X24Y37         LUT6 (Prop_G6LUT_SLICEL_I0_O)
                                                      0.038     7.350 r  <hidden>
                         net (fo=2, routed)           0.213     7.562    <hidden>
    SLICE_X24Y37         FDRE                                         r  <hidden>
  -------------------------------------------------------------------    -------------------

                         (clock clk_pl_0 rise edge)
                                                     10.000    10.000 r  
    PS8_X0Y0             PS8                          0.000    10.000 r  system_i/zynq_ultra_ps_e_0/inst/PS8_i/PLCLK[0]
                         net (fo=1, routed)           0.170    10.170    system_i/zynq_ultra_ps_e_0/inst/pl_clk_unbuffered[0]
    BUFG_PS_X0Y49        BUFG_PS (Prop_BUFG_PS_I_O)
                                                      0.027    10.197 r  system_i/zynq_ultra_ps_e_0/inst/buffer_pl_clk_0.PL_CLK_0_BUFG/O
    X1Y3 (CLOCK_ROOT)    net (fo=503, routed)         1.713    11.910    <hidden>
    SLICE_X24Y37         FDRE                                         r  <hidden>
                         clock pessimism              0.189    12.099    
                         clock uncertainty           -0.130    11.970    
    SLICE_X24Y37         FDRE (Setup_HFF2_SLICEL_C_CE)
                                                     -0.042    11.928    <hidden>
  -------------------------------------------------------------------
                         required time                         11.928    
                         arrival time                          -7.562    
  -------------------------------------------------------------------
                         slack                                  4.365    





Min Delay Paths
--------------------------------------------------------------------------------------
Slack (MET) :             0.022ns  (arrival time - required time)
  Source:                 <hidden>
                            (rising edge-triggered cell FDRE clocked by clk_pl_0  {rise@0.000ns fall@5.000ns period=10.000ns})
  Destination:            <hidden>
                            (rising edge-triggered cell FDRE clocked by clk_pl_0  {rise@0.000ns fall@5.000ns period=10.000ns})
  Path Group:             clk_pl_0
  Path Type:              Hold (Min at Slow Process Corner)
  Requirement:            0.000ns  (clk_pl_0 rise@0.000ns - clk_pl_0 rise@0.000ns)
  Data Path Delay:        0.163ns  (logic 0.070ns (43.039%)  route 0.093ns (56.961%))
  Logic Levels:           0  
  Clock Path Skew:        0.088ns (DCD - SCD - CPR)
    Destination Clock Delay (DCD):    2.185ns
    Source Clock Delay      (SCD):    1.908ns
    Clock Pessimism Removal (CPR):    0.189ns
  Clock Net Delay (Source):      1.711ns (routing 0.380ns, distribution 1.331ns)
  Clock Net Delay (Destination): 1.941ns (routing 0.423ns, distribution 1.518ns)

    Location             Delay type                Incr(ns)  Path(ns)    Netlist Resource(s)
  -------------------------------------------------------------------    -------------------
                         (clock clk_pl_0 rise edge)
                                                      0.000     0.000 r  
    PS8_X0Y0             PS8                          0.000     0.000 r  system_i/zynq_ultra_ps_e_0/inst/PS8_i/PLCLK[0]
                         net (fo=1, routed)           0.170     0.170    system_i/zynq_ultra_ps_e_0/inst/pl_clk_unbuffered[0]
    BUFG_PS_X0Y49        BUFG_PS (Prop_BUFG_PS_I_O)
                                                      0.027     0.197 r  system_i/zynq_ultra_ps_e_0/inst/buffer_pl_clk_0.PL_CLK_0_BUFG/O
    X1Y3 (CLOCK_ROOT)    net (fo=503, routed)         1.711     1.908    <hidden>
    SLICE_X26Y29         FDRE                                         r  <hidden>
  -------------------------------------------------------------------    -------------------
    SLICE_X26Y29         FDRE (Prop_DFF_SLICEM_C_Q)
                                                      0.070     1.978 r  <hidden>
                         net (fo=2, routed)           0.093     2.071    <hidden>
    SLICE_X25Y29         FDRE                                         r  <hidden>
  -------------------------------------------------------------------    -------------------

                         (clock clk_pl_0 rise edge)
                                                      0.000     0.000 r  
    PS8_X0Y0             PS8                          0.000     0.000 r  system_i/zynq_ultra_ps_e_0/inst/PS8_i/PLCLK[0]
                         net (fo=1, routed)           0.215     0.215    system_i/zynq_ultra_ps_e_0/inst/pl_clk_unbuffered[0]
    BUFG_PS_X0Y49        BUFG_PS (Prop_BUFG_PS_I_O)
                                                      0.029     0.244 r  system_i/zynq_ultra_ps_e_0/inst/buffer_pl_clk_0.PL_CLK_0_BUFG/O
    X1Y3 (CLOCK_ROOT)    net (fo=503, routed)         1.941     2.185    <hidden>
    SLICE_X25Y29         FDRE                                         r  <hidden>
                         clock pessimism             -0.189     1.996    
    SLICE_X25Y29         FDRE (Hold_EFF_SLICEL_C_D)
                                                      0.053     2.049    <hidden>
  -------------------------------------------------------------------
                         required time                         -2.049    
                         arrival time                           2.071    
  -------------------------------------------------------------------
                         slack                                  0.022    





Pulse Width Checks
--------------------------------------------------------------------------------------
Clock Name:         clk_pl_0
Waveform(ns):       { 0.000 5.000 }
Period(ns):         10.000
Sources:            { system_i/zynq_ultra_ps_e_0/inst/PS8_i/PLCLK[0] }

Check Type        Corner  Lib Pin            Reference Pin  Required(ns)  Actual(ns)  Slack(ns)  Location   Pin
Min Period        n/a     PS8/MAXIGP0ACLK    n/a            3.000         10.000      7.000      PS8_X0Y0   system_i/zynq_ultra_ps_e_0/inst/PS8_i/MAXIGP0ACLK
Max Period        n/a     MMCME4_ADV/CLKIN1  n/a            100.000       10.000      90.000     MMCM_X0Y6  system_i/shufflenet_board_top_0/inst/u_mmcm/CLKIN1
Low Pulse Width   Slow    MMCME4_ADV/CLKIN1  n/a            3.000         5.000       2.000      MMCM_X0Y6  system_i/shufflenet_board_top_0/inst/u_mmcm/CLKIN1
High Pulse Width  Slow    MMCME4_ADV/CLKIN1  n/a            3.000         5.000       2.000      MMCM_X0Y6  system_i/shufflenet_board_top_0/inst/u_mmcm/CLKIN1



---------------------------------------------------------------------------------------------------
From Clock:  clk_100m
  To Clock:  clk_100m

Setup :            0  Failing Endpoints,  Worst Slack        0.125ns,  Total Violation        0.000ns
Hold  :            0  Failing Endpoints,  Worst Slack        0.011ns,  Total Violation        0.000ns
PW    :            0  Failing Endpoints,  Worst Slack        4.427ns,  Total Violation        0.000ns
---------------------------------------------------------------------------------------------------


Max Delay Paths
--------------------------------------------------------------------------------------
Slack (MET) :             0.125ns  (required time - arrival time)
  Source:                 system_i/shufflenet_board_top_0/inst/u_accel/u_extra_mem/gen_bram[27].mem_reg_bram_0/CLKBWRCLK
                            (rising edge-triggered cell RAMB18E2 clocked by clk_100m  {rise@0.000ns fall@5.000ns period=10.000ns})
  Destination:            system_i/shufflenet_board_top_0/inst/u_accel/u_g3/u_conv1x1/gen_g3_filt[14].u_filt/u_mac27/p_out_reg/DSP_OUTPUT_INST/ALU_OUT[23]
                            (rising edge-triggered cell DSP_OUTPUT clocked by clk_100m  {rise@0.000ns fall@5.000ns period=10.000ns})
  Path Group:             clk_100m
  Path Type:              Setup (Max at Slow Process Corner)
  Requirement:            10.000ns  (clk_100m rise@10.000ns - clk_100m rise@0.000ns)
  Data Path Delay:        9.550ns  (logic 2.688ns (28.147%)  route 6.862ns (71.853%))
  Logic Levels:           5  (DSP_A_B_DATA=1 DSP_ALU=1 DSP_M_DATA=1 DSP_MULTIPLIER=1 DSP_PREADD_DATA=1)
  Clock Path Skew:        -0.260ns (DCD - SCD + CPR)
    Destination Clock Delay (DCD):    5.447ns = ( 15.447 - 10.000 ) 
    Source Clock Delay      (SCD):    5.328ns
    Clock Pessimism Removal (CPR):    -0.379ns
  Clock Uncertainty:      0.075ns  ((TSJ^2 + DJ^2)^1/2) / 2 + PE
    Total System Jitter     (TSJ):    0.071ns
    Discrete Jitter          (DJ):    0.132ns
    Phase Error              (PE):    0.000ns
  Clock Net Delay (Source):      2.970ns (routing 0.991ns, distribution 1.979ns)
  Clock Net Delay (Destination): 2.620ns (routing 0.901ns, distribution 1.719ns)

    Location             Delay type                Incr(ns)  Path(ns)    Netlist Resource(s)
  -------------------------------------------------------------------    -------------------
                         (clock clk_100m rise edge)
                                                      0.000     0.000 r  
    PS8_X0Y0             PS8                          0.000     0.000 r  system_i/zynq_ultra_ps_e_0/inst/PS8_i/PLCLK[0]
                         net (fo=1, routed)           0.215     0.215    system_i/zynq_ultra_ps_e_0/inst/pl_clk_unbuffered[0]
    BUFG_PS_X0Y49        BUFG_PS (Prop_BUFG_PS_I_O)
                                                      0.029     0.244 r  system_i/zynq_ultra_ps_e_0/inst/buffer_pl_clk_0.PL_CLK_0_BUFG/O
                         net (fo=503, routed)         1.936     2.180    system_i/shufflenet_board_top_0/inst/s_axi_aclk
    MMCM_X0Y6            MMCME4_ADV (Prop_MMCM_CLKIN1_CLKOUT0)
                                                     -0.106     2.074 r  system_i/shufflenet_board_top_0/inst/u_mmcm/CLKOUT0
                         net (fo=1, routed)           0.256     2.330    system_i/shufflenet_board_top_0/inst/clk_100m_unbuf
    BUFGCE_X0Y150        BUFGCE (Prop_BUFCE_BUFGCE_I_O)
                                                      0.028     2.358 r  system_i/shufflenet_board_top_0/inst/u_clk_buf/O
    X1Y5 (CLOCK_ROOT)    net (fo=44460, routed)       2.970     5.328    system_i/shufflenet_board_top_0/inst/u_accel/u_extra_mem/clk
    RAMB18_X2Y160        RAMB18E2                                     r  system_i/shufflenet_board_top_0/inst/u_accel/u_extra_mem/gen_bram[27].mem_reg_bram_0/CLKBWRCLK
  -------------------------------------------------------------------    -------------------
    RAMB18_X2Y160        RAMB18E2 (Prop_RAMB18E2_L_RAMB180_CLKBWRCLK_DOUTBDOUT[11])
                                                      0.944     6.272 f  system_i/shufflenet_board_top_0/inst/u_accel/u_extra_mem/gen_bram[27].mem_reg_bram_0/DOUTBDOUT[11]
                         net (fo=304, routed)         6.862    13.134    system_i/shufflenet_board_top_0/inst/u_accel/u_g3/u_conv1x1/gen_g3_filt[14].u_filt/u_mac27/p_out_reg/A[22]
    DSP48E2_X3Y21        DSP_A_B_DATA (Prop_DSP_A_B_DATA_DSP48E2_A[22]_A2_DATA[22])
                                                      0.241    13.375 r  system_i/shufflenet_board_top_0/inst/u_accel/u_g3/u_conv1x1/gen_g3_filt[14].u_filt/u_mac27/p_out_reg/DSP_A_B_DATA_INST/A2_DATA[22]
                         net (fo=1, routed)           0.000    13.375    system_i/shufflenet_board_top_0/inst/u_accel/u_g3/u_conv1x1/gen_g3_filt[14].u_filt/u_mac27/p_out_reg/DSP_A_B_DATA.A2_DATA<22>
    DSP48E2_X3Y21        DSP_PREADD_DATA (Prop_DSP_PREADD_DATA_DSP48E2_A2_DATA[22]_A2A1[22])
                                                      0.098    13.473 r  system_i/shufflenet_board_top_0/inst/u_accel/u_g3/u_conv1x1/gen_g3_filt[14].u_filt/u_mac27/p_out_reg/DSP_PREADD_DATA_INST/A2A1[22]
                         net (fo=1, routed)           0.000    13.473    system_i/shufflenet_board_top_0/inst/u_accel/u_g3/u_conv1x1/gen_g3_filt[14].u_filt/u_mac27/p_out_reg/DSP_PREADD_DATA.A2A1<22>
    DSP48E2_X3Y21        DSP_MULTIPLIER (Prop_DSP_MULTIPLIER_DSP48E2_A2A1[22]_U[23])
                                                      0.647    14.120 f  system_i/shufflenet_board_top_0/inst/u_accel/u_g3/u_conv1x1/gen_g3_filt[14].u_filt/u_mac27/p_out_reg/DSP_MULTIPLIER_INST/U[23]
                         net (fo=1, routed)           0.000    14.120    system_i/shufflenet_board_top_0/inst/u_accel/u_g3/u_conv1x1/gen_g3_filt[14].u_filt/u_mac27/p_out_reg/DSP_MULTIPLIER.U<23>
    DSP48E2_X3Y21        DSP_M_DATA (Prop_DSP_M_DATA_DSP48E2_U[23]_U_DATA[23])
                                                      0.059    14.179 r  system_i/shufflenet_board_top_0/inst/u_accel/u_g3/u_conv1x1/gen_g3_filt[14].u_filt/u_mac27/p_out_reg/DSP_M_DATA_INST/U_DATA[23]
                         net (fo=1, routed)           0.000    14.179    system_i/shufflenet_board_top_0/inst/u_accel/u_g3/u_conv1x1/gen_g3_filt[14].u_filt/u_mac27/p_out_reg/DSP_M_DATA.U_DATA<23>
    DSP48E2_X3Y21        DSP_ALU (Prop_DSP_ALU_DSP48E2_U_DATA[23]_ALU_OUT[23])
                                                      0.699    14.878 r  system_i/shufflenet_board_top_0/inst/u_accel/u_g3/u_conv1x1/gen_g3_filt[14].u_filt/u_mac27/p_out_reg/DSP_ALU_INST/ALU_OUT[23]
                         net (fo=1, routed)           0.000    14.878    system_i/shufflenet_board_top_0/inst/u_accel/u_g3/u_conv1x1/gen_g3_filt[14].u_filt/u_mac27/p_out_reg/DSP_ALU.ALU_OUT<23>
    DSP48E2_X3Y21        DSP_OUTPUT                                   r  system_i/shufflenet_board_top_0/inst/u_accel/u_g3/u_conv1x1/gen_g3_filt[14].u_filt/u_mac27/p_out_reg/DSP_OUTPUT_INST/ALU_OUT[23]
  -------------------------------------------------------------------    -------------------

                         (clock clk_100m rise edge)
                                                     10.000    10.000 r  
    PS8_X0Y0             PS8                          0.000    10.000 r  system_i/zynq_ultra_ps_e_0/inst/PS8_i/PLCLK[0]
                         net (fo=1, routed)           0.170    10.170    system_i/zynq_ultra_ps_e_0/inst/pl_clk_unbuffered[0]
    BUFG_PS_X0Y49        BUFG_PS (Prop_BUFG_PS_I_O)
                                                      0.027    10.197 r  system_i/zynq_ultra_ps_e_0/inst/buffer_pl_clk_0.PL_CLK_0_BUFG/O
                         net (fo=503, routed)         1.734    11.931    system_i/shufflenet_board_top_0/inst/s_axi_aclk
    MMCM_X0Y6            MMCME4_ADV (Prop_MMCM_CLKIN1_CLKOUT0)
                                                      0.644    12.575 r  system_i/shufflenet_board_top_0/inst/u_mmcm/CLKOUT0
                         net (fo=1, routed)           0.228    12.803    system_i/shufflenet_board_top_0/inst/clk_100m_unbuf
    BUFGCE_X0Y150        BUFGCE (Prop_BUFCE_BUFGCE_I_O)
                                                      0.024    12.827 r  system_i/shufflenet_board_top_0/inst/u_clk_buf/O
    X1Y5 (CLOCK_ROOT)    net (fo=44460, routed)       2.620    15.447    system_i/shufflenet_board_top_0/inst/u_accel/u_g3/u_conv1x1/gen_g3_filt[14].u_filt/u_mac27/p_out_reg/CLK
    DSP48E2_X3Y21        DSP_OUTPUT                                   r  system_i/shufflenet_board_top_0/inst/u_accel/u_g3/u_conv1x1/gen_g3_filt[14].u_filt/u_mac27/p_out_reg/DSP_OUTPUT_INST/CLK
                         clock pessimism             -0.379    15.068    
                         clock uncertainty           -0.075    14.993    
    DSP48E2_X3Y21        DSP_OUTPUT (Setup_DSP_OUTPUT_DSP48E2_CLK_ALU_OUT[23])
                                                      0.010    15.003    system_i/shufflenet_board_top_0/inst/u_accel/u_g3/u_conv1x1/gen_g3_filt[14].u_filt/u_mac27/p_out_reg/DSP_OUTPUT_INST
  -------------------------------------------------------------------
                         required time                         15.003    
                         arrival time                         -14.878    
  -------------------------------------------------------------------
                         slack                                  0.125    





Min Delay Paths
--------------------------------------------------------------------------------------
Slack (MET) :             0.011ns  (arrival time - required time)
  Source:                 system_i/shufflenet_board_top_0/inst/u_accel/u_g1/gen_pool[16].u_p0/u_fifo/shift_reg_reg[114][5]/C
                            (rising edge-triggered cell FDCE clocked by clk_100m  {rise@0.000ns fall@5.000ns period=10.000ns})
  Destination:            system_i/shufflenet_board_top_0/inst/u_accel/u_g1/gen_pool[16].u_p0/u_fifo/shift_reg_reg[146][5]_srl32_gen_pool_c_30/D
                            (rising edge-triggered cell SRLC32E clocked by clk_100m  {rise@0.000ns fall@5.000ns period=10.000ns})
  Path Group:             clk_100m
  Path Type:              Hold (Min at Slow Process Corner)
  Requirement:            0.000ns  (clk_100m rise@0.000ns - clk_100m rise@0.000ns)
  Data Path Delay:        0.226ns  (logic 0.071ns (31.358%)  route 0.155ns (68.642%))
  Logic Levels:           0  
  Clock Path Skew:        0.135ns (DCD - SCD - CPR)
    Destination Clock Delay (DCD):    5.562ns
    Source Clock Delay      (SCD):    5.665ns
    Clock Pessimism Removal (CPR):    -0.238ns
  Clock Net Delay (Source):      2.838ns (routing 0.901ns, distribution 1.937ns)
  Clock Net Delay (Destination): 3.204ns (routing 0.991ns, distribution 2.213ns)

    Location             Delay type                Incr(ns)  Path(ns)    Netlist Resource(s)
  -------------------------------------------------------------------    -------------------
                         (clock clk_100m rise edge)
                                                      0.000     0.000 r  
    PS8_X0Y0             PS8                          0.000     0.000 r  system_i/zynq_ultra_ps_e_0/inst/PS8_i/PLCLK[0]
                         net (fo=1, routed)           0.170     0.170    system_i/zynq_ultra_ps_e_0/inst/pl_clk_unbuffered[0]
    BUFG_PS_X0Y49        BUFG_PS (Prop_BUFG_PS_I_O)
                                                      0.027     0.197 r  system_i/zynq_ultra_ps_e_0/inst/buffer_pl_clk_0.PL_CLK_0_BUFG/O
                         net (fo=503, routed)         1.734     1.931    system_i/shufflenet_board_top_0/inst/s_axi_aclk
    MMCM_X0Y6            MMCME4_ADV (Prop_MMCM_CLKIN1_CLKOUT0)
                                                      0.644     2.575 r  system_i/shufflenet_board_top_0/inst/u_mmcm/CLKOUT0
                         net (fo=1, routed)           0.228     2.803    system_i/shufflenet_board_top_0/inst/clk_100m_unbuf
    BUFGCE_X0Y150        BUFGCE (Prop_BUFCE_BUFGCE_I_O)
                                                      0.024     2.827 r  system_i/shufflenet_board_top_0/inst/u_clk_buf/O
    X1Y5 (CLOCK_ROOT)    net (fo=44460, routed)       2.838     5.665    system_i/shufflenet_board_top_0/inst/u_accel/u_g1/gen_pool[16].u_p0/u_fifo/clk
    SLICE_X77Y471        FDCE                                         r  system_i/shufflenet_board_top_0/inst/u_accel/u_g1/gen_pool[16].u_p0/u_fifo/shift_reg_reg[114][5]/C
  -------------------------------------------------------------------    -------------------
    SLICE_X77Y471        FDCE (Prop_CFF2_SLICEM_C_Q)
                                                      0.071     5.736 r  system_i/shufflenet_board_top_0/inst/u_accel/u_g1/gen_pool[16].u_p0/u_fifo/shift_reg_reg[114][5]/Q
                         net (fo=6, routed)           0.155     5.891    system_i/shufflenet_board_top_0/inst/u_accel/u_g1/gen_pool[16].u_p0/u_fifo/pool_data_flat[1455]
    SLICE_X79Y471        SRLC32E                                      r  system_i/shufflenet_board_top_0/inst/u_accel/u_g1/gen_pool[16].u_p0/u_fifo/shift_reg_reg[146][5]_srl32_gen_pool_c_30/D
  -------------------------------------------------------------------    -------------------

                         (clock clk_100m rise edge)
                                                      0.000     0.000 r  
    PS8_X0Y0             PS8                          0.000     0.000 r  system_i/zynq_ultra_ps_e_0/inst/PS8_i/PLCLK[0]
                         net (fo=1, routed)           0.215     0.215    system_i/zynq_ultra_ps_e_0/inst/pl_clk_unbuffered[0]
    BUFG_PS_X0Y49        BUFG_PS (Prop_BUFG_PS_I_O)
                                                      0.029     0.244 r  system_i/zynq_ultra_ps_e_0/inst/buffer_pl_clk_0.PL_CLK_0_BUFG/O
                         net (fo=503, routed)         1.936     2.180    system_i/shufflenet_board_top_0/inst/s_axi_aclk
    MMCM_X0Y6            MMCME4_ADV (Prop_MMCM_CLKIN1_CLKOUT0)
                                                     -0.106     2.074 r  system_i/shufflenet_board_top_0/inst/u_mmcm/CLKOUT0
                         net (fo=1, routed)           0.256     2.330    system_i/shufflenet_board_top_0/inst/clk_100m_unbuf
    BUFGCE_X0Y150        BUFGCE (Prop_BUFCE_BUFGCE_I_O)
                                                      0.028     2.358 r  system_i/shufflenet_board_top_0/inst/u_clk_buf/O
    X1Y5 (CLOCK_ROOT)    net (fo=44460, routed)       3.204     5.562    system_i/shufflenet_board_top_0/inst/u_accel/u_g1/gen_pool[16].u_p0/u_fifo/clk
    SLICE_X79Y471        SRLC32E                                      r  system_i/shufflenet_board_top_0/inst/u_accel/u_g1/gen_pool[16].u_p0/u_fifo/shift_reg_reg[146][5]_srl32_gen_pool_c_30/CLK
                         clock pessimism              0.238     5.800    
    SLICE_X79Y471        SRLC32E (Hold_H6LUT_SLICEM_CLK_D)
                                                      0.080     5.880    system_i/shufflenet_board_top_0/inst/u_accel/u_g1/gen_pool[16].u_p0/u_fifo/shift_reg_reg[146][5]_srl32_gen_pool_c_30
  -------------------------------------------------------------------
                         required time                         -5.880    
                         arrival time                           5.891    
  -------------------------------------------------------------------
                         slack                                  0.011    





Pulse Width Checks
--------------------------------------------------------------------------------------
Clock Name:         clk_100m
Waveform(ns):       { 0.000 5.000 }
Period(ns):         10.000
Sources:            { system_i/shufflenet_board_top_0/inst/u_mmcm/CLKOUT0 }

Check Type        Corner  Lib Pin             Reference Pin  Required(ns)  Actual(ns)  Slack(ns)  Location       Pin
Min Period        n/a     RAMB18E2/CLKARDCLK  n/a            1.739         10.000      8.261      RAMB18_X3Y168  system_i/shufflenet_board_top_0/inst/u_accel/u_extra_mem/gen_bram[0].mem_reg_bram_0/CLKARDCLK
Low Pulse Width   Slow    SRL16E/CLK          n/a            0.573         5.000       4.427      SLICE_X38Y465  system_i/shufflenet_board_top_0/inst/u_accel/u_g1/gen_pool[0].u_p0/u_fifo/shift_reg_reg[112][0]_srl16_gen_pool_c_110/CLK
High Pulse Width  Slow    SRL16E/CLK          n/a            0.573         5.000       4.427      SLICE_X38Y465  system_i/shufflenet_board_top_0/inst/u_accel/u_g1/gen_pool[0].u_p0/u_fifo/shift_reg_reg[112][0]_srl16_gen_pool_c_110/CLK



---------------------------------------------------------------------------------------------------
From Clock:  clk_100m
  To Clock:  clk_pl_0

Setup :            0  Failing Endpoints,  Worst Slack        5.026ns,  Total Violation        0.000ns
Hold  :            0  Failing Endpoints,  Worst Slack        1.611ns,  Total Violation        0.000ns
---------------------------------------------------------------------------------------------------


Max Delay Paths
--------------------------------------------------------------------------------------
Slack (MET) :             5.026ns  (required time - arrival time)
  Source:                 system_i/shufflenet_board_top_0/inst/u_axi_slave/have_aw_reg/C
                            (rising edge-triggered cell FDRE clocked by clk_100m  {rise@0.000ns fall@5.000ns period=10.000ns})
  Destination:            <hidden>
                            (rising edge-triggered cell FDRE clocked by clk_pl_0  {rise@0.000ns fall@5.000ns period=10.000ns})
  Path Group:             clk_pl_0
  Path Type:              Setup (Max at Slow Process Corner)
  Requirement:            10.000ns  (clk_pl_0 rise@10.000ns - clk_100m rise@0.000ns)
  Data Path Delay:        1.496ns  (logic 0.637ns (42.592%)  route 0.859ns (57.408%))
  Logic Levels:           3  (LUT2=1 LUT3=1 LUT5=1)
  Clock Path Skew:        -3.277ns (DCD - SCD + CPR)
    Destination Clock Delay (DCD):    1.912ns = ( 11.912 - 10.000 ) 
    Source Clock Delay      (SCD):    5.279ns
    Clock Pessimism Removal (CPR):    0.090ns
  Clock Uncertainty:      0.228ns  ((TSJ^2 + DJ^2)^1/2) / 2 + PE
    Total System Jitter     (TSJ):    0.071ns
    Discrete Jitter          (DJ):    0.250ns
    Phase Error              (PE):    0.099ns
  Clock Net Delay (Source):      2.921ns (routing 0.991ns, distribution 1.930ns)
  Clock Net Delay (Destination): 1.715ns (routing 0.380ns, distribution 1.335ns)

    Location             Delay type                Incr(ns)  Path(ns)    Netlist Resource(s)
  -------------------------------------------------------------------    -------------------
                         (clock clk_100m rise edge)
                                                      0.000     0.000 r  
    PS8_X0Y0             PS8                          0.000     0.000 r  system_i/zynq_ultra_ps_e_0/inst/PS8_i/PLCLK[0]
                         net (fo=1, routed)           0.215     0.215    system_i/zynq_ultra_ps_e_0/inst/pl_clk_unbuffered[0]
    BUFG_PS_X0Y49        BUFG_PS (Prop_BUFG_PS_I_O)
                                                      0.029     0.244 r  system_i/zynq_ultra_ps_e_0/inst/buffer_pl_clk_0.PL_CLK_0_BUFG/O
                         net (fo=503, routed)         1.936     2.180    system_i/shufflenet_board_top_0/inst/s_axi_aclk
    MMCM_X0Y6            MMCME4_ADV (Prop_MMCM_CLKIN1_CLKOUT0)
                                                     -0.106     2.074 r  system_i/shufflenet_board_top_0/inst/u_mmcm/CLKOUT0
                         net (fo=1, routed)           0.256     2.330    system_i/shufflenet_board_top_0/inst/clk_100m_unbuf
    BUFGCE_X0Y150        BUFGCE (Prop_BUFCE_BUFGCE_I_O)
                                                      0.028     2.358 r  system_i/shufflenet_board_top_0/inst/u_clk_buf/O
    X1Y5 (CLOCK_ROOT)    net (fo=44460, routed)       2.921     5.279    system_i/shufflenet_board_top_0/inst/u_axi_slave/clk
    SLICE_X25Y58         FDRE                                         r  system_i/shufflenet_board_top_0/inst/u_axi_slave/have_aw_reg/C
  -------------------------------------------------------------------    -------------------
    SLICE_X25Y58         FDRE (Prop_DFF2_SLICEL_C_Q)
                                                      0.098     5.377 f  system_i/shufflenet_board_top_0/inst/u_axi_slave/have_aw_reg/Q
                         net (fo=8, routed)           0.305     5.682    system_i/shufflenet_board_top_0/inst/u_axi_slave/have_aw
    SLICE_X25Y58         LUT2 (Prop_B6LUT_SLICEL_I0_O)
                                                      0.149     5.831 r  system_i/shufflenet_board_top_0/inst/u_axi_slave/s_axi_awready_INST_0/O
                         net (fo=2, routed)           0.186     6.017    <hidden>
    SLICE_X25Y54         LUT3 (Prop_C5LUT_SLICEL_I1_O)
                                                      0.195     6.212 r  <hidden>
                         net (fo=4, routed)           0.346     6.558    <hidden>
    SLICE_X24Y53         LUT5 (Prop_H5LUT_SLICEL_I1_O)
                                                      0.195     6.753 r  <hidden>
                         net (fo=1, routed)           0.022     6.775    <hidden>
    SLICE_X24Y53         FDRE                                         r  <hidden>
  -------------------------------------------------------------------    -------------------

                         (clock clk_pl_0 rise edge)
                                                     10.000    10.000 r  
    PS8_X0Y0             PS8                          0.000    10.000 r  system_i/zynq_ultra_ps_e_0/inst/PS8_i/PLCLK[0]
                         net (fo=1, routed)           0.170    10.170    system_i/zynq_ultra_ps_e_0/inst/pl_clk_unbuffered[0]
    BUFG_PS_X0Y49        BUFG_PS (Prop_BUFG_PS_I_O)
                                                      0.027    10.197 r  system_i/zynq_ultra_ps_e_0/inst/buffer_pl_clk_0.PL_CLK_0_BUFG/O
    X1Y3 (CLOCK_ROOT)    net (fo=503, routed)         1.715    11.912    <hidden>
    SLICE_X24Y53         FDRE                                         r  <hidden>
                         clock pessimism              0.090    12.002    
                         clock uncertainty           -0.228    11.774    
    SLICE_X24Y53         FDRE (Setup_HFF2_SLICEL_C_D)
                                                      0.027    11.801    <hidden>
  -------------------------------------------------------------------
                         required time                         11.801    
                         arrival time                          -6.775    
  -------------------------------------------------------------------
                         slack                                  5.026    





Min Delay Paths
--------------------------------------------------------------------------------------
Slack (MET) :             1.611ns  (arrival time - required time)
  Source:                 system_i/shufflenet_board_top_0/inst/u_axi_slave/rdata_r_reg[12]/C
                            (rising edge-triggered cell FDRE clocked by clk_100m  {rise@0.000ns fall@5.000ns period=10.000ns})
  Destination:            <hidden>
                            (rising edge-triggered cell FDRE clocked by clk_pl_0  {rise@0.000ns fall@5.000ns period=10.000ns})
  Path Group:             clk_pl_0
  Path Type:              Hold (Min at Fast Process Corner)
  Requirement:            0.000ns  (clk_pl_0 rise@0.000ns - clk_100m rise@0.000ns)
  Data Path Delay:        0.098ns  (logic 0.039ns (39.796%)  route 0.059ns (60.204%))
  Logic Levels:           0  
  Clock Path Skew:        -1.788ns (DCD - SCD - CPR)
    Destination Clock Delay (DCD):    1.346ns
    Source Clock Delay      (SCD):    3.063ns
    Clock Pessimism Removal (CPR):    0.071ns
  Clock Uncertainty:      0.228ns  ((TSJ^2 + DJ^2)^1/2) / 2 + PE
    Total System Jitter     (TSJ):    0.071ns
    Discrete Jitter          (DJ):    0.250ns
    Phase Error              (PE):    0.099ns
  Clock Net Delay (Source):      1.506ns (routing 0.508ns, distribution 0.998ns)
  Clock Net Delay (Destination): 1.132ns (routing 0.245ns, distribution 0.887ns)

    Location             Delay type                Incr(ns)  Path(ns)    Netlist Resource(s)
  -------------------------------------------------------------------    -------------------
                         (clock clk_100m rise edge)
                                                      0.000     0.000 r  
    PS8_X0Y0             PS8                          0.000     0.000 r  system_i/zynq_ultra_ps_e_0/inst/PS8_i/PLCLK[0]
                         net (fo=1, routed)           0.155     0.155    system_i/zynq_ultra_ps_e_0/inst/pl_clk_unbuffered[0]
    BUFG_PS_X0Y49        BUFG_PS (Prop_BUFG_PS_I_O)
                                                      0.017     0.172 r  system_i/zynq_ultra_ps_e_0/inst/buffer_pl_clk_0.PL_CLK_0_BUFG/O
                         net (fo=503, routed)         0.992     1.164    system_i/shufflenet_board_top_0/inst/s_axi_aclk
    MMCM_X0Y6            MMCME4_ADV (Prop_MMCM_CLKIN1_CLKOUT0)
                                                      0.230     1.394 r  system_i/shufflenet_board_top_0/inst/u_mmcm/CLKOUT0
                         net (fo=1, routed)           0.146     1.540    system_i/shufflenet_board_top_0/inst/clk_100m_unbuf
    BUFGCE_X0Y150        BUFGCE (Prop_BUFCE_BUFGCE_I_O)
                                                      0.017     1.557 r  system_i/shufflenet_board_top_0/inst/u_clk_buf/O
    X1Y5 (CLOCK_ROOT)    net (fo=44460, routed)       1.506     3.063    system_i/shufflenet_board_top_0/inst/u_axi_slave/clk
    SLICE_X25Y51         FDRE                                         r  system_i/shufflenet_board_top_0/inst/u_axi_slave/rdata_r_reg[12]/C
  -------------------------------------------------------------------    -------------------
    SLICE_X25Y51         FDRE (Prop_DFF_SLICEL_C_Q)
                                                      0.039     3.102 r  system_i/shufflenet_board_top_0/inst/u_axi_slave/rdata_r_reg[12]/Q
                         net (fo=1, routed)           0.059     3.161    <hidden>
    SLICE_X25Y51         FDRE                                         r  <hidden>
  -------------------------------------------------------------------    -------------------

                         (clock clk_pl_0 rise edge)
                                                      0.000     0.000 r  
    PS8_X0Y0             PS8                          0.000     0.000 r  system_i/zynq_ultra_ps_e_0/inst/PS8_i/PLCLK[0]
                         net (fo=1, routed)           0.196     0.196    system_i/zynq_ultra_ps_e_0/inst/pl_clk_unbuffered[0]
    BUFG_PS_X0Y49        BUFG_PS (Prop_BUFG_PS_I_O)
                                                      0.018     0.214 r  system_i/zynq_ultra_ps_e_0/inst/buffer_pl_clk_0.PL_CLK_0_BUFG/O
    X1Y3 (CLOCK_ROOT)    net (fo=503, routed)         1.132     1.346    <hidden>
    SLICE_X25Y51         FDRE                                         r  <hidden>
                         clock pessimism             -0.071     1.275    
                         clock uncertainty            0.228     1.503    
    SLICE_X25Y51         FDRE (Hold_HFF_SLICEL_C_D)
                                                      0.046     1.549    <hidden>
  -------------------------------------------------------------------
                         required time                         -1.549    
                         arrival time                           3.161    
  -------------------------------------------------------------------
                         slack                                  1.611    





---------------------------------------------------------------------------------------------------
From Clock:  clk_pl_0
  To Clock:  clk_100m

Setup :            0  Failing Endpoints,  Worst Slack        4.476ns,  Total Violation        0.000ns
Hold  :            0  Failing Endpoints,  Worst Slack        0.164ns,  Total Violation        0.000ns
---------------------------------------------------------------------------------------------------


Max Delay Paths
--------------------------------------------------------------------------------------
Slack (MET) :             4.476ns  (required time - arrival time)
  Source:                 <hidden>
                            (rising edge-triggered cell FDRE clocked by clk_pl_0  {rise@0.000ns fall@5.000ns period=10.000ns})
  Destination:            system_i/shufflenet_board_top_0/inst/u_axi_slave/aw_addr_r_reg[13]/CE
                            (rising edge-triggered cell FDRE clocked by clk_100m  {rise@0.000ns fall@5.000ns period=10.000ns})
  Path Group:             clk_100m
  Path Type:              Setup (Max at Slow Process Corner)
  Requirement:            10.000ns  (clk_100m rise@10.000ns - clk_pl_0 rise@0.000ns)
  Data Path Delay:        8.687ns  (logic 0.472ns (5.434%)  route 8.215ns (94.566%))
  Logic Levels:           2  (LUT3=2)
  Clock Path Skew:        3.383ns (DCD - SCD + CPR)
    Destination Clock Delay (DCD):    5.487ns = ( 15.487 - 10.000 ) 
    Source Clock Delay      (SCD):    2.194ns
    Clock Pessimism Removal (CPR):    0.090ns
  Clock Uncertainty:      0.177ns  ((TSJ^2 + DJ^2)^1/2) / 2 + PE
    Total System Jitter     (TSJ):    0.071ns
    Discrete Jitter          (DJ):    0.141ns
    Phase Error              (PE):    0.099ns
  Clock Net Delay (Source):      1.950ns (routing 0.423ns, distribution 1.527ns)
  Clock Net Delay (Destination): 2.660ns (routing 0.901ns, distribution 1.759ns)

    Location             Delay type                Incr(ns)  Path(ns)    Netlist Resource(s)
  -------------------------------------------------------------------    -------------------
                         (clock clk_pl_0 rise edge)
                                                      0.000     0.000 r  
    PS8_X0Y0             PS8                          0.000     0.000 r  system_i/zynq_ultra_ps_e_0/inst/PS8_i/PLCLK[0]
                         net (fo=1, routed)           0.215     0.215    system_i/zynq_ultra_ps_e_0/inst/pl_clk_unbuffered[0]
    BUFG_PS_X0Y49        BUFG_PS (Prop_BUFG_PS_I_O)
                                                      0.029     0.244 r  system_i/zynq_ultra_ps_e_0/inst/buffer_pl_clk_0.PL_CLK_0_BUFG/O
    X1Y3 (CLOCK_ROOT)    net (fo=503, routed)         1.950     2.194    <hidden>
    SLICE_X25Y58         FDRE                                         r  <hidden>
  -------------------------------------------------------------------    -------------------
    SLICE_X25Y58         FDRE (Prop_HFF2_SLICEL_C_Q)
                                                      0.097     2.291 f  <hidden>
                         net (fo=10, routed)          3.430     5.721    <hidden>
    SLICE_X25Y53         LUT3 (Prop_B5LUT_SLICEL_I2_O)
                                                      0.173     5.894 r  <hidden>
                         net (fo=2, routed)           2.047     7.941    system_i/shufflenet_board_top_0/inst/u_axi_slave/s_axi_awvalid
    SLICE_X25Y58         LUT3 (Prop_B5LUT_SLICEL_I0_O)
                                                      0.202     8.143 r  system_i/shufflenet_board_top_0/inst/u_axi_slave/aw_addr_r[21]_i_1/O
                         net (fo=20, routed)          2.737    10.881    system_i/shufflenet_board_top_0/inst/u_axi_slave/have_aw0
    SLICE_X16Y181        FDRE                                         r  system_i/shufflenet_board_top_0/inst/u_axi_slave/aw_addr_r_reg[13]/CE
  -------------------------------------------------------------------    -------------------

                         (clock clk_100m rise edge)
                                                     10.000    10.000 r  
    PS8_X0Y0             PS8                          0.000    10.000 r  system_i/zynq_ultra_ps_e_0/inst/PS8_i/PLCLK[0]
                         net (fo=1, routed)           0.170    10.170    system_i/zynq_ultra_ps_e_0/inst/pl_clk_unbuffered[0]
    BUFG_PS_X0Y49        BUFG_PS (Prop_BUFG_PS_I_O)
                                                      0.027    10.197 r  system_i/zynq_ultra_ps_e_0/inst/buffer_pl_clk_0.PL_CLK_0_BUFG/O
                         net (fo=503, routed)         1.734    11.931    system_i/shufflenet_board_top_0/inst/s_axi_aclk
    MMCM_X0Y6            MMCME4_ADV (Prop_MMCM_CLKIN1_CLKOUT0)
                                                      0.644    12.575 r  system_i/shufflenet_board_top_0/inst/u_mmcm/CLKOUT0
                         net (fo=1, routed)           0.228    12.803    system_i/shufflenet_board_top_0/inst/clk_100m_unbuf
    BUFGCE_X0Y150        BUFGCE (Prop_BUFCE_BUFGCE_I_O)
                                                      0.024    12.827 r  system_i/shufflenet_board_top_0/inst/u_clk_buf/O
    X1Y5 (CLOCK_ROOT)    net (fo=44460, routed)       2.660    15.487    system_i/shufflenet_board_top_0/inst/u_axi_slave/clk
    SLICE_X16Y181        FDRE                                         r  system_i/shufflenet_board_top_0/inst/u_axi_slave/aw_addr_r_reg[13]/C
                         clock pessimism              0.090    15.577    
                         clock uncertainty           -0.177    15.400    
    SLICE_X16Y181        FDRE (Setup_EFF_SLICEL_C_CE)
                                                     -0.043    15.357    system_i/shufflenet_board_top_0/inst/u_axi_slave/aw_addr_r_reg[13]
  -------------------------------------------------------------------
                         required time                         15.357    
                         arrival time                         -10.881    
  -------------------------------------------------------------------
                         slack                                  4.476    





Min Delay Paths
--------------------------------------------------------------------------------------
Slack (MET) :             0.164ns  (arrival time - required time)
  Source:                 <hidden>
                            (rising edge-triggered cell FDRE clocked by clk_pl_0  {rise@0.000ns fall@5.000ns period=10.000ns})
  Destination:            system_i/shufflenet_board_top_0/inst/u_axi_slave/aw_addr_r_reg[11]/D
                            (rising edge-triggered cell FDRE clocked by clk_100m  {rise@0.000ns fall@5.000ns period=10.000ns})
  Path Group:             clk_100m
  Path Type:              Hold (Min at Slow Process Corner)
  Requirement:            0.000ns  (clk_100m rise@0.000ns - clk_pl_0 rise@0.000ns)
  Data Path Delay:        3.693ns  (logic 0.072ns (1.950%)  route 3.621ns (98.050%))
  Logic Levels:           0  
  Clock Path Skew:        3.297ns (DCD - SCD - CPR)
    Destination Clock Delay (DCD):    5.244ns
    Source Clock Delay      (SCD):    1.857ns
    Clock Pessimism Removal (CPR):    0.090ns
  Clock Uncertainty:      0.177ns  ((TSJ^2 + DJ^2)^1/2) / 2 + PE
    Total System Jitter     (TSJ):    0.071ns
    Discrete Jitter          (DJ):    0.141ns
    Phase Error              (PE):    0.099ns
  Clock Net Delay (Source):      1.660ns (routing 0.380ns, distribution 1.280ns)
  Clock Net Delay (Destination): 2.886ns (routing 0.991ns, distribution 1.895ns)

    Location             Delay type                Incr(ns)  Path(ns)    Netlist Resource(s)
  -------------------------------------------------------------------    -------------------
                         (clock clk_pl_0 rise edge)
                                                      0.000     0.000 r  
    PS8_X0Y0             PS8                          0.000     0.000 r  system_i/zynq_ultra_ps_e_0/inst/PS8_i/PLCLK[0]
                         net (fo=1, routed)           0.170     0.170    system_i/zynq_ultra_ps_e_0/inst/pl_clk_unbuffered[0]
    BUFG_PS_X0Y49        BUFG_PS (Prop_BUFG_PS_I_O)
                                                      0.027     0.197 r  system_i/zynq_ultra_ps_e_0/inst/buffer_pl_clk_0.PL_CLK_0_BUFG/O
    X1Y3 (CLOCK_ROOT)    net (fo=503, routed)         1.660     1.857    <hidden>
    SLICE_X23Y148        FDRE                                         r  <hidden>
  -------------------------------------------------------------------    -------------------
    SLICE_X23Y148        FDRE (Prop_FFF2_SLICEM_C_Q)
                                                      0.072     1.929 r  <hidden>
                         net (fo=1, routed)           3.621     5.550    system_i/shufflenet_board_top_0/inst/u_axi_slave/s_axi_awaddr[9]
    SLICE_X23Y180        FDRE                                         r  system_i/shufflenet_board_top_0/inst/u_axi_slave/aw_addr_r_reg[11]/D
  -------------------------------------------------------------------    -------------------

                         (clock clk_100m rise edge)
                                                      0.000     0.000 r  
    PS8_X0Y0             PS8                          0.000     0.000 r  system_i/zynq_ultra_ps_e_0/inst/PS8_i/PLCLK[0]
                         net (fo=1, routed)           0.215     0.215    system_i/zynq_ultra_ps_e_0/inst/pl_clk_unbuffered[0]
    BUFG_PS_X0Y49        BUFG_PS (Prop_BUFG_PS_I_O)
                                                      0.029     0.244 r  system_i/zynq_ultra_ps_e_0/inst/buffer_pl_clk_0.PL_CLK_0_BUFG/O
                         net (fo=503, routed)         1.936     2.180    system_i/shufflenet_board_top_0/inst/s_axi_aclk
    MMCM_X0Y6            MMCME4_ADV (Prop_MMCM_CLKIN1_CLKOUT0)
                                                     -0.106     2.074 r  system_i/shufflenet_board_top_0/inst/u_mmcm/CLKOUT0
                         net (fo=1, routed)           0.256     2.330    system_i/shufflenet_board_top_0/inst/clk_100m_unbuf
    BUFGCE_X0Y150        BUFGCE (Prop_BUFCE_BUFGCE_I_O)
                                                      0.028     2.358 r  system_i/shufflenet_board_top_0/inst/u_clk_buf/O
    X1Y5 (CLOCK_ROOT)    net (fo=44460, routed)       2.886     5.244    system_i/shufflenet_board_top_0/inst/u_axi_slave/clk
    SLICE_X23Y180        FDRE                                         r  system_i/shufflenet_board_top_0/inst/u_axi_slave/aw_addr_r_reg[11]/C
                         clock pessimism             -0.090     5.154    
                         clock uncertainty            0.177     5.331    
    SLICE_X23Y180        FDRE (Hold_EFF2_SLICEM_C_D)
                                                      0.055     5.386    system_i/shufflenet_board_top_0/inst/u_axi_slave/aw_addr_r_reg[11]
  -------------------------------------------------------------------
                         required time                         -5.386    
                         arrival time                           5.550    
  -------------------------------------------------------------------
                         slack                                  0.164    





---------------------------------------------------------------------------------------------------
Path Group:  **async_default**
From Clock:  clk_100m
  To Clock:  clk_100m

Setup :            0  Failing Endpoints,  Worst Slack        5.154ns,  Total Violation        0.000ns
Hold  :            0  Failing Endpoints,  Worst Slack        1.364ns,  Total Violation        0.000ns
---------------------------------------------------------------------------------------------------


Max Delay Paths
--------------------------------------------------------------------------------------
Slack (MET) :             5.154ns  (required time - arrival time)
  Source:                 system_i/shufflenet_board_top_0/inst/rst_shreg_reg[3]/C
                            (rising edge-triggered cell FDPE clocked by clk_100m  {rise@0.000ns fall@5.000ns period=10.000ns})
  Destination:            system_i/shufflenet_board_top_0/inst/u_accel/u_g3/u_ctrl/FSM_onehot_state_reg[0]/PRE
                            (recovery check against rising-edge clock clk_100m  {rise@0.000ns fall@5.000ns period=10.000ns})
  Path Group:             **async_default**
  Path Type:              Recovery (Max at Slow Process Corner)
  Requirement:            10.000ns  (clk_100m rise@10.000ns - clk_100m rise@0.000ns)
  Data Path Delay:        4.448ns  (logic 0.124ns (2.788%)  route 4.324ns (97.212%))
  Logic Levels:           1  (BUFGCE=1)
  Clock Path Skew:        -0.251ns (DCD - SCD + CPR)
    Destination Clock Delay (DCD):    5.445ns = ( 15.445 - 10.000 ) 
    Source Clock Delay      (SCD):    5.317ns
    Clock Pessimism Removal (CPR):    -0.379ns
  Clock Uncertainty:      0.075ns  ((TSJ^2 + DJ^2)^1/2) / 2 + PE
    Total System Jitter     (TSJ):    0.071ns
    Discrete Jitter          (DJ):    0.132ns
    Phase Error              (PE):    0.000ns
  Clock Net Delay (Source):      2.959ns (routing 0.991ns, distribution 1.968ns)
  Clock Net Delay (Destination): 2.618ns (routing 0.901ns, distribution 1.717ns)

    Location             Delay type                Incr(ns)  Path(ns)    Netlist Resource(s)
  -------------------------------------------------------------------    -------------------
                         (clock clk_100m rise edge)
                                                      0.000     0.000 r  
    PS8_X0Y0             PS8                          0.000     0.000 r  system_i/zynq_ultra_ps_e_0/inst/PS8_i/PLCLK[0]
                         net (fo=1, routed)           0.215     0.215    system_i/zynq_ultra_ps_e_0/inst/pl_clk_unbuffered[0]
    BUFG_PS_X0Y49        BUFG_PS (Prop_BUFG_PS_I_O)
                                                      0.029     0.244 r  system_i/zynq_ultra_ps_e_0/inst/buffer_pl_clk_0.PL_CLK_0_BUFG/O
                         net (fo=503, routed)         1.936     2.180    system_i/shufflenet_board_top_0/inst/s_axi_aclk
    MMCM_X0Y6            MMCME4_ADV (Prop_MMCM_CLKIN1_CLKOUT0)
                                                     -0.106     2.074 r  system_i/shufflenet_board_top_0/inst/u_mmcm/CLKOUT0
                         net (fo=1, routed)           0.256     2.330    system_i/shufflenet_board_top_0/inst/clk_100m_unbuf
    BUFGCE_X0Y150        BUFGCE (Prop_BUFCE_BUFGCE_I_O)
                                                      0.028     2.358 r  system_i/shufflenet_board_top_0/inst/u_clk_buf/O
    X1Y5 (CLOCK_ROOT)    net (fo=44460, routed)       2.959     5.317    system_i/shufflenet_board_top_0/inst/clk
    SLICE_X19Y452        FDPE                                         r  system_i/shufflenet_board_top_0/inst/rst_shreg_reg[3]/C
  -------------------------------------------------------------------    -------------------
    SLICE_X19Y452        FDPE (Prop_EFF_SLICEL_C_Q)
                                                      0.096     5.413 f  system_i/shufflenet_board_top_0/inst/rst_shreg_reg[3]/Q
                         net (fo=1, routed)           1.857     7.270    system_i/shufflenet_board_top_0/inst/rst_bufg_place
    BUFGCE_X0Y212        BUFGCE (Prop_BUFCE_BUFGCE_I_O)
                                                      0.028     7.298 f  system_i/shufflenet_board_top_0/inst/rst_shreg_reg[3]_bufg_place/O
                         net (fo=6986, routed)        2.467     9.765    system_i/shufflenet_board_top_0/inst/u_accel/u_g3/u_ctrl/rst
    SLICE_X27Y54         FDPE                                         f  system_i/shufflenet_board_top_0/inst/u_accel/u_g3/u_ctrl/FSM_onehot_state_reg[0]/PRE
  -------------------------------------------------------------------    -------------------

                         (clock clk_100m rise edge)
                                                     10.000    10.000 r  
    PS8_X0Y0             PS8                          0.000    10.000 r  system_i/zynq_ultra_ps_e_0/inst/PS8_i/PLCLK[0]
                         net (fo=1, routed)           0.170    10.170    system_i/zynq_ultra_ps_e_0/inst/pl_clk_unbuffered[0]
    BUFG_PS_X0Y49        BUFG_PS (Prop_BUFG_PS_I_O)
                                                      0.027    10.197 r  system_i/zynq_ultra_ps_e_0/inst/buffer_pl_clk_0.PL_CLK_0_BUFG/O
                         net (fo=503, routed)         1.734    11.931    system_i/shufflenet_board_top_0/inst/s_axi_aclk
    MMCM_X0Y6            MMCME4_ADV (Prop_MMCM_CLKIN1_CLKOUT0)
                                                      0.644    12.575 r  system_i/shufflenet_board_top_0/inst/u_mmcm/CLKOUT0
                         net (fo=1, routed)           0.228    12.803    system_i/shufflenet_board_top_0/inst/clk_100m_unbuf
    BUFGCE_X0Y150        BUFGCE (Prop_BUFCE_BUFGCE_I_O)
                                                      0.024    12.827 r  system_i/shufflenet_board_top_0/inst/u_clk_buf/O
    X1Y5 (CLOCK_ROOT)    net (fo=44460, routed)       2.618    15.445    system_i/shufflenet_board_top_0/inst/u_accel/u_g3/u_ctrl/clk
    SLICE_X27Y54         FDPE                                         r  system_i/shufflenet_board_top_0/inst/u_accel/u_g3/u_ctrl/FSM_onehot_state_reg[0]/C
                         clock pessimism             -0.379    15.066    
                         clock uncertainty           -0.075    14.991    
    SLICE_X27Y54         FDPE (Recov_EFF_SLICEM_C_PRE)
                                                     -0.072    14.919    system_i/shufflenet_board_top_0/inst/u_accel/u_g3/u_ctrl/FSM_onehot_state_reg[0]
  -------------------------------------------------------------------
                         required time                         14.919    
                         arrival time                          -9.765    
  -------------------------------------------------------------------
                         slack                                  5.154    





Min Delay Paths
--------------------------------------------------------------------------------------
Slack (MET) :             1.364ns  (arrival time - required time)
  Source:                 system_i/shufflenet_board_top_0/inst/rst_shreg_reg[3]/C
                            (rising edge-triggered cell FDPE clocked by clk_100m  {rise@0.000ns fall@5.000ns period=10.000ns})
  Destination:            system_i/shufflenet_board_top_0/inst/u_accel/u_g1/gen_pool[9].u_p1/u_fifo/shift_reg_reg[228][2]/CLR
                            (removal check against rising-edge clock clk_100m  {rise@0.000ns fall@5.000ns period=10.000ns})
  Path Group:             **async_default**
  Path Type:              Removal (Min at Fast Process Corner)
  Requirement:            0.000ns  (clk_100m rise@0.000ns - clk_100m rise@0.000ns)
  Data Path Delay:        1.583ns  (logic 0.056ns (3.539%)  route 1.527ns (96.461%))
  Logic Levels:           1  (BUFGCE=1)
  Clock Path Skew:        0.238ns (DCD - SCD - CPR)
    Destination Clock Delay (DCD):    3.040ns
    Source Clock Delay      (SCD):    3.070ns
    Clock Pessimism Removal (CPR):    -0.268ns
  Clock Net Delay (Source):      1.513ns (routing 0.508ns, distribution 1.005ns)
  Clock Net Delay (Destination): 1.824ns (routing 0.566ns, distribution 1.258ns)

    Location             Delay type                Incr(ns)  Path(ns)    Netlist Resource(s)
  -------------------------------------------------------------------    -------------------
                         (clock clk_100m rise edge)
                                                      0.000     0.000 r  
    PS8_X0Y0             PS8                          0.000     0.000 r  system_i/zynq_ultra_ps_e_0/inst/PS8_i/PLCLK[0]
                         net (fo=1, routed)           0.155     0.155    system_i/zynq_ultra_ps_e_0/inst/pl_clk_unbuffered[0]
    BUFG_PS_X0Y49        BUFG_PS (Prop_BUFG_PS_I_O)
                                                      0.017     0.172 r  system_i/zynq_ultra_ps_e_0/inst/buffer_pl_clk_0.PL_CLK_0_BUFG/O
                         net (fo=503, routed)         0.992     1.164    system_i/shufflenet_board_top_0/inst/s_axi_aclk
    MMCM_X0Y6            MMCME4_ADV (Prop_MMCM_CLKIN1_CLKOUT0)
                                                      0.230     1.394 r  system_i/shufflenet_board_top_0/inst/u_mmcm/CLKOUT0
                         net (fo=1, routed)           0.146     1.540    system_i/shufflenet_board_top_0/inst/clk_100m_unbuf
    BUFGCE_X0Y150        BUFGCE (Prop_BUFCE_BUFGCE_I_O)
                                                      0.017     1.557 r  system_i/shufflenet_board_top_0/inst/u_clk_buf/O
    X1Y5 (CLOCK_ROOT)    net (fo=44460, routed)       1.513     3.070    system_i/shufflenet_board_top_0/inst/clk
    SLICE_X19Y452        FDPE                                         r  system_i/shufflenet_board_top_0/inst/rst_shreg_reg[3]/C
  -------------------------------------------------------------------    -------------------
    SLICE_X19Y452        FDPE (Prop_EFF_SLICEL_C_Q)
                                                      0.039     3.109 f  system_i/shufflenet_board_top_0/inst/rst_shreg_reg[3]/Q
                         net (fo=1, routed)           0.878     3.987    system_i/shufflenet_board_top_0/inst/rst_bufg_place
    BUFGCE_X0Y212        BUFGCE (Prop_BUFCE_BUFGCE_I_O)
                                                      0.017     4.004 f  system_i/shufflenet_board_top_0/inst/rst_shreg_reg[3]_bufg_place/O
                         net (fo=6986, routed)        0.649     4.652    system_i/shufflenet_board_top_0/inst/u_accel/u_g1/gen_pool[9].u_p1/u_fifo/rst
    SLICE_X80Y521        FDCE                                         f  system_i/shufflenet_board_top_0/inst/u_accel/u_g1/gen_pool[9].u_p1/u_fifo/shift_reg_reg[228][2]/CLR
  -------------------------------------------------------------------    -------------------

                         (clock clk_100m rise edge)
                                                      0.000     0.000 r  
    PS8_X0Y0             PS8                          0.000     0.000 r  system_i/zynq_ultra_ps_e_0/inst/PS8_i/PLCLK[0]
                         net (fo=1, routed)           0.196     0.196    system_i/zynq_ultra_ps_e_0/inst/pl_clk_unbuffered[0]
    BUFG_PS_X0Y49        BUFG_PS (Prop_BUFG_PS_I_O)
                                                      0.018     0.214 r  system_i/zynq_ultra_ps_e_0/inst/buffer_pl_clk_0.PL_CLK_0_BUFG/O
                         net (fo=503, routed)         1.112     1.326    system_i/shufflenet_board_top_0/inst/s_axi_aclk
    MMCM_X0Y6            MMCME4_ADV (Prop_MMCM_CLKIN1_CLKOUT0)
                                                     -0.295     1.031 r  system_i/shufflenet_board_top_0/inst/u_mmcm/CLKOUT0
                         net (fo=1, routed)           0.166     1.197    system_i/shufflenet_board_top_0/inst/clk_100m_unbuf
    BUFGCE_X0Y150        BUFGCE (Prop_BUFCE_BUFGCE_I_O)
                                                      0.019     1.216 r  system_i/shufflenet_board_top_0/inst/u_clk_buf/O
    X1Y5 (CLOCK_ROOT)    net (fo=44460, routed)       1.824     3.040    system_i/shufflenet_board_top_0/inst/u_accel/u_g1/gen_pool[9].u_p1/u_fifo/clk
    SLICE_X80Y521        FDCE                                         r  system_i/shufflenet_board_top_0/inst/u_accel/u_g1/gen_pool[9].u_p1/u_fifo/shift_reg_reg[228][2]/C
                         clock pessimism              0.268     3.308    
    SLICE_X80Y521        FDCE (Remov_HFF_SLICEL_C_CLR)
                                                     -0.020     3.288    system_i/shufflenet_board_top_0/inst/u_accel/u_g1/gen_pool[9].u_p1/u_fifo/shift_reg_reg[228][2]
  -------------------------------------------------------------------
                         required time                         -3.288    
                         arrival time                           4.652    
  -------------------------------------------------------------------
                         slack                                  1.364    





